#before declaration:

> typeof c
'undefined'
> c == null
ReferenceError: c is not defined

#declare var
> var c
undefined
> typeof c
'undefined'
> c == null
true

> var c = null
undefined
> typeof c
'object'
> c == null
true

#undefined
> var cheok
undefined
> cheok === undefined
true

> var cheok = null
undefined
> cheok === undefined
false

b.map(function(item) { return item.length})
a.filter(function(each,index,array) { return each.length == 4 }) -> like select:
array.every -> like conform:
no detect method yet!!

anArray.forEach(function(eachObj,index,originalArray) {console.log(eachObj)});

append to array: anArray.push(object)

#show properties of an object
> var a = { name: 'cheok', addr: 'sala'}
> a
{ "name" : "cheok", "addr" : "sala" }
> Object.keys(a)
[ "name", "addr" ]
another way:
for (var m in a) { console.log("prop: " + m) }

anObject.constructor.name -> return "class" name
anObject.constructor -> is a function
